WARNING: A restricted method in java.lang.System has been called
WARNING: java.lang.System::load has been called by net.rubygrapefruit.platform.internal.NativeLibraryLoader in an unnamed module (file:/Users/quzzar/.gradle/wrapper/dists/gradle-8.9-bin/90cnw93cvbtalezasaz0blq0a/gradle-8.9/lib/native-platform-0.22-milestone-26.jar)
WARNING: Use --enable-native-access=ALL-UNNAMED to avoid a warning for callers in this module
WARNING: Restricted methods will be blocked in a future release unless native access is enabled

> Task :createArtifactManifest

> Task :createMinecraftArtifacts
Loaded 116 artifacts from /private/tmp/vestige-ritual-order-payments-build/moddev/nfrt_artifact_manifest.properties
*** Started working on downloadJson
 ✓ Completed downloadJson in 0.01s
*** Started working on downloadServer
*** Started working on downloadClientMappings
*** Started working on downloadClient
*** Started working on listLibraries
 ♻ Used cache of listLibraries in 0.00s
 ✓ Completed downloadClient in 0.01s
 ✓ Completed downloadClientMappings in 0.01s
 ✓ Completed downloadServer in 0.01s
*** Started working on mergeMappings
 ♻ Used cache of mergeMappings in 0.00s
*** Started working on stripClient
 ♻ Used cache of stripClient in 0.00s
*** Started working on extractServer
 ♻ Used cache of extractServer in 0.00s
*** Started working on stripServer
 ♻ Used cache of stripServer in 0.00s
*** Started working on merge
 ♻ Used cache of merge in 0.00s
*** Started working on rename
 ♻ Used cache of rename in 0.00s
*** Started working on decompile
 ♻ Used cache of decompile in 0.00s
*** Started working on inject
 ♻ Used cache of inject in 0.00s
*** Started working on patch
 ♻ Used cache of patch in 0.00s
*** Started working on applyNeoforgePatches
 ♻ Used cache of applyNeoforgePatches in 0.00s
*** Started working on transformSources
 ♻ Used cache of transformSources in 0.00s
*** Started working on recompile
 ♻ Used cache of recompile in 0.00s
*** Started working on sourcesWithNeoForge
 ♻ Used cache of sourcesWithNeoForge in 0.00s
*** Started working on compiledWithNeoForge
 ♻ Used cache of compiledWithNeoForge in 0.00s
*** Started working on sourcesAndCompiledWithNeoForge
 ♻ Used cache of sourcesAndCompiledWithNeoForge in 0.00s
Total runtime: 0.51s


> Task :compileJava FROM-CACHE
> Task :generateModMetadata
> Task :processResources
> Task :classes

> Task :compileTestJava
Note: Some input files use or override a deprecated API.
Note: Recompile with -Xlint:deprecation for details.

> Task :downloadAssets
Loaded 116 artifacts from /private/tmp/vestige-ritual-order-payments-build/moddev/nfrt_artifact_manifest.properties
Downloading asset index 17
Using Minecraft asset root: /Users/quzzar/.gradle/caches/neoformruntime/assets
  ↓ https://piston-meta.mojang.com/v1/packages/1f22f8f4b4575831ce8d1d74b5656eb1bc04732c/17.json

> Task :writeNeoForgeTestClasspath
> Task :prepareNeoForgeTestFiles
> Task :processTestResources
> Task :testClasses
> Task :test

BUILD SUCCESSFUL in 19s
11 actionable tasks: 10 executed, 1 from cache
