> Task :createArtifactManifest

> Task :createMinecraftArtifacts
Loaded 116 artifacts from /Users/quzzar/Projects/vestige/run/whispering-shell-finished-build/moddev/nfrt_artifact_manifest.properties
*** Started working on downloadJson
 ✓ Completed downloadJson in 0.06s
*** Started working on downloadServer
*** Started working on downloadClient
*** Started working on downloadClientMappings
*** Started working on listLibraries
 ♻ Used cache of listLibraries in 0.00s
 ✓ Completed downloadClient in 0.09s
 ✓ Completed downloadClientMappings in 0.09s
 ✓ Completed downloadServer in 0.10s
*** Started working on mergeMappings
 ♻ Used cache of mergeMappings in 0.00s
*** Started working on stripClient
 ♻ Used cache of stripClient in 0.00s
*** Started working on extractServer
 ♻ Used cache of extractServer in 0.00s
*** Started working on stripServer
 ♻ Used cache of stripServer in 0.00s
*** Started working on merge
 ♻ Used cache of merge in 0.00s
*** Started working on rename
 ♻ Used cache of rename in 0.00s
*** Started working on decompile
 ♻ Used cache of decompile in 0.00s
*** Started working on inject
 ♻ Used cache of inject in 0.00s
*** Started working on patch
 ♻ Used cache of patch in 0.00s
*** Started working on applyNeoforgePatches
 ♻ Used cache of applyNeoforgePatches in 0.00s
*** Started working on transformSources
 ♻ Used cache of transformSources in 0.00s
*** Started working on recompile
 ♻ Used cache of recompile in 0.00s
*** Started working on sourcesWithNeoForge
 ♻ Used cache of sourcesWithNeoForge in 0.00s
*** Started working on compiledWithNeoForge
 ♻ Used cache of compiledWithNeoForge in 0.01s
*** Started working on sourcesAndCompiledWithNeoForge
 ♻ Used cache of sourcesAndCompiledWithNeoForge in 0.00s
Total runtime: 2.15s


> Task :compileJava
/Users/quzzar/Projects/vestige/src/main/java/com/quzzar/vestige/magic/world/PrivateSpaceTest.java:20: warning: [removal] makeMockServerPlayerInLevel() in GameTestHelper has been deprecated and marked for removal
        var first=helper.makeMockServerPlayerInLevel(); var second=helper.makeMockServerPlayerInLevel();
                        ^
/Users/quzzar/Projects/vestige/src/main/java/com/quzzar/vestige/magic/world/PrivateSpaceTest.java:20: warning: [removal] makeMockServerPlayerInLevel() in GameTestHelper has been deprecated and marked for removal
        var first=helper.makeMockServerPlayerInLevel(); var second=helper.makeMockServerPlayerInLevel();
                                                                         ^
/Users/quzzar/Projects/vestige/src/main/java/com/quzzar/vestige/travel/StandingStoneTest.java:28: warning: [removal] makeMockServerPlayerInLevel() in GameTestHelper has been deprecated and marked for removal
        var player = h.makeMockServerPlayerInLevel(); player.setExperienceLevels(50); player.setExperiencePoints(0); return player;
                      ^
/Users/quzzar/Projects/vestige/src/main/java/com/quzzar/vestige/travel/StandingStoneTest.java:290: warning: [removal] makeMockServerPlayerInLevel() in GameTestHelper has been deprecated and marked for removal
        var player = h.makeMockServerPlayerInLevel(); player.setPos(Vec3.atBottomCenterOf(pos.south()));
                      ^
/Users/quzzar/Projects/vestige/src/main/java/com/quzzar/vestige/travel/StandingStoneTest.java:318: warning: [removal] makeMockServerPlayerInLevel() in GameTestHelper has been deprecated and marked for removal
        var player = h.makeMockServerPlayerInLevel(); var nearby = Vec3.atBottomCenterOf(pos.south()); player.setPos(nearby);
                      ^
/Users/quzzar/Projects/vestige/src/main/java/com/quzzar/vestige/travel/StandingStoneTest.java:336: warning: [removal] makeMockServerPlayerInLevel() in GameTestHelper has been deprecated and marked for removal
        var extra = new ArrayList<UUID>(); var player = h.makeMockServerPlayerInLevel();
                                                         ^
Note: Some input files use or override a deprecated API.
Note: Recompile with -Xlint:deprecation for details.
6 warnings

BUILD SUCCESSFUL in 13s
3 actionable tasks: 3 executed
